May 25 05:56:51  [error] Notification service 'email': Sending notification 'folder_notify_added_email_subject' to user 'admin@gmail.com' (1) failed.
May 25 05:57:02  [error] Notification service 'email': Sending notification 'folder_notify_added_email_subject' to user 'nivm/pDx0CzmJXNd6XlxVI1dpzmZX3c9FpIpZAnIYU0=' (1) failed.
May 25 05:57:16  [error] Notification service 'email': Sending notification 'folder_notify_added_email_subject' to user 'info@seeddms.org' (1) failed.
May 25 05:57:26  [error] Notification service 'email': Sending notification 'folder_notify_added_email_subject' to user 'nxHFrV28LTfiHuNb2F7qENMYC90kDvs9LyBrd+2wlirxHf7rEVVl7jJCDSz/s24I' (1) failed.
May 25 06:01:01  [error] Notification service 'email': Sending notification 'folder_notify_added_email_subject' to user '09F1NXCa3ZX8PVDLYSHloQL8uPS5E89bh93lEiJd9zc=' (1) failed.
May 25 06:01:10  [error] Notification service 'email': Sending notification 'folder_notify_deleted_email_subject' to user '09F1NXCa3ZX8PVDLYSHloQL8uPS5E89bh93lEiJd9zc=' (1) failed.
May 25 06:01:20  [error] Notification service 'email': Sending notification 'folder_notify_deleted_email_subject' to user 'nxHFrV28LTfiHuNb2F7qENMYC90kDvs9LyBrd+2wlirxHf7rEVVl7jJCDSz/s24I' (1) failed.
May 25 06:01:20  [error] Notification service 'email': Sending notification 'folder_notify_deleted_email_subject' to user 'admin@gmail.com' (1) failed.
May 25 06:01:21  [error] Notification service 'email': Sending notification 'folder_notify_deleted_email_subject' to user 'nivm/pDx0CzmJXNd6XlxVI1dpzmZX3c9FpIpZAnIYU0=' (1) failed.
May 25 06:01:21  [error] Notification service 'email': Sending notification 'folder_notify_deleted_email_subject' to user 'info@seeddms.org' (1) failed.
May 25 06:01:32  [error] Notification service 'email': Sending notification 'folder_notify_added_email_subject' to user '8Gjs58uMFqAFyI5BeW3oPHD2VFvlWnHjJ61eKu/9tSE=' (1) failed.
May 25 06:02:50  [error] Notification service 'email': Sending notification 'folder_notify_added_email_subject' to user 'admin@gmail.com' (1) failed.
May 25 06:03:00  [error] Notification service 'email': Sending notification 'folder_notify_added_email_subject' to user 'info@seeddms.org' (1) failed.
May 25 06:09:20  [error] Notification service 'email': Sending notification 'folder_notify_added_email_subject' to user 'nivm/pDx0CzmJXNd6XlxVI1dpzmZX3c9FpIpZAnIYU0=' (1) failed.
May 25 06:09:30  [error] Notification service 'email': Sending notification 'folder_notify_deleted_email_subject' to user 'admin@gmail.com' (1) failed.
May 25 06:15:42  [error] Notification service 'email': Sending notification 'folder_access_permission_changed_email_subject' to user 'info@seeddms.org' (1) failed.
May 25 06:15:46  [error] Notification service 'email': Sending notification 'folder_access_permission_changed_email_subject' to user '8Gjs58uMFqAFyI5BeW3oPHD2VFvlWnHjJ61eKu/9tSE=' (1) failed.
May 25 06:15:50  [error] Notification service 'email': Sending notification 'folder_access_permission_changed_email_subject' to user 'nivm/pDx0CzmJXNd6XlxVI1dpzmZX3c9FpIpZAnIYU0=' (1) failed.
May 25 06:15:50  [info] admin (::1) op.FolderAccess.php?formtoken=c5ed7e67d33fe901b4f7456b3cbb6424&folderid=1&action=addaccess&userid=6&groupid=-1&mode=2 
May 25 06:16:00  [error] Notification service 'email': Sending notification 'folder_access_permission_changed_email_subject' to user 'info@seeddms.org' (1) failed.
May 25 06:16:04  [error] Notification service 'email': Sending notification 'folder_access_permission_changed_email_subject' to user '8Gjs58uMFqAFyI5BeW3oPHD2VFvlWnHjJ61eKu/9tSE=' (1) failed.
May 25 06:16:08  [error] Notification service 'email': Sending notification 'folder_access_permission_changed_email_subject' to user 'nivm/pDx0CzmJXNd6XlxVI1dpzmZX3c9FpIpZAnIYU0=' (1) failed.
May 25 06:16:08  [info] admin (::1) op.FolderAccess.php?formtoken=c5ed7e67d33fe901b4f7456b3cbb6424&folderid=1&action=delaccess&userid=6 
May 25 06:16:22  [error] Notification service 'email': Sending notification 'folder_access_permission_changed_email_subject' to user 'info@seeddms.org' (1) failed.
May 25 06:16:26  [error] Notification service 'email': Sending notification 'folder_access_permission_changed_email_subject' to user '8Gjs58uMFqAFyI5BeW3oPHD2VFvlWnHjJ61eKu/9tSE=' (1) failed.
May 25 06:16:30  [error] Notification service 'email': Sending notification 'folder_access_permission_changed_email_subject' to user 'nivm/pDx0CzmJXNd6XlxVI1dpzmZX3c9FpIpZAnIYU0=' (1) failed.
May 25 06:16:30  [info] admin (::1) op.FolderAccess.php?formtoken=c5ed7e67d33fe901b4f7456b3cbb6424&folderid=1&action=addaccess&userid=4&groupid=1&mode=4 
May 25 06:16:49  [error] Notification service 'email': Sending notification 'folder_access_permission_changed_email_subject' to user 'info@seeddms.org' (1) failed.
May 25 06:16:53  [error] Notification service 'email': Sending notification 'folder_access_permission_changed_email_subject' to user '8Gjs58uMFqAFyI5BeW3oPHD2VFvlWnHjJ61eKu/9tSE=' (1) failed.
May 25 06:16:57  [error] Notification service 'email': Sending notification 'folder_access_permission_changed_email_subject' to user 'nivm/pDx0CzmJXNd6XlxVI1dpzmZX3c9FpIpZAnIYU0=' (1) failed.
May 25 06:16:57  [info] admin (::1) op.FolderAccess.php?formtoken=c5ed7e67d33fe901b4f7456b3cbb6424&folderid=1&action=delaccess&groupid=1 
May 25 06:18:08  [error] Notification service 'email': Sending notification 'folder_access_permission_changed_email_subject' to user 'info@seeddms.org' (1) failed.
May 25 06:18:12  [error] Notification service 'email': Sending notification 'folder_access_permission_changed_email_subject' to user '8Gjs58uMFqAFyI5BeW3oPHD2VFvlWnHjJ61eKu/9tSE=' (1) failed.
May 25 06:18:16  [error] Notification service 'email': Sending notification 'folder_access_permission_changed_email_subject' to user 'nivm/pDx0CzmJXNd6XlxVI1dpzmZX3c9FpIpZAnIYU0=' (1) failed.
May 25 06:18:16  [info] admin (::1) op.FolderAccess.php?formtoken=c5ed7e67d33fe901b4f7456b3cbb6424&folderid=1&action=addaccess&userid=6&groupid=1&mode=2 
May 25 06:21:51  [error] Notification service 'email': Sending notification 'folder_access_permission_changed_email_subject' to user 'info@seeddms.org' (1) failed.
May 25 06:21:55  [error] Notification service 'email': Sending notification 'folder_access_permission_changed_email_subject' to user '8Gjs58uMFqAFyI5BeW3oPHD2VFvlWnHjJ61eKu/9tSE=' (1) failed.
May 25 06:21:59  [error] Notification service 'email': Sending notification 'folder_access_permission_changed_email_subject' to user 'nivm/pDx0CzmJXNd6XlxVI1dpzmZX3c9FpIpZAnIYU0=' (1) failed.
May 25 06:21:59  [info] admin (::1) op.FolderAccess.php?formtoken=c5ed7e67d33fe901b4f7456b3cbb6424&folderid=1&action=addaccess&userid=4&groupid=-1&mode=2 
May 25 06:22:12  [error] Notification service 'email': Sending notification 'folder_access_permission_changed_email_subject' to user 'info@seeddms.org' (1) failed.
May 25 06:22:16  [error] Notification service 'email': Sending notification 'folder_access_permission_changed_email_subject' to user '8Gjs58uMFqAFyI5BeW3oPHD2VFvlWnHjJ61eKu/9tSE=' (1) failed.
May 25 06:22:20  [error] Notification service 'email': Sending notification 'folder_access_permission_changed_email_subject' to user 'nivm/pDx0CzmJXNd6XlxVI1dpzmZX3c9FpIpZAnIYU0=' (1) failed.
May 25 06:22:20  [info] admin (::1) op.FolderAccess.php?formtoken=c5ed7e67d33fe901b4f7456b3cbb6424&folderid=1&action=addaccess&userid=6&groupid=-1&mode=2 
May 25 06:22:30  [error] Notification service 'email': Sending notification 'folder_access_permission_changed_email_subject' to user 'info@seeddms.org' (1) failed.
May 25 06:22:34  [error] Notification service 'email': Sending notification 'folder_access_permission_changed_email_subject' to user '8Gjs58uMFqAFyI5BeW3oPHD2VFvlWnHjJ61eKu/9tSE=' (1) failed.
May 25 06:22:38  [error] Notification service 'email': Sending notification 'folder_access_permission_changed_email_subject' to user 'nivm/pDx0CzmJXNd6XlxVI1dpzmZX3c9FpIpZAnIYU0=' (1) failed.
May 25 06:22:38  [info] admin (::1) op.FolderAccess.php?formtoken=c5ed7e67d33fe901b4f7456b3cbb6424&folderid=1&action=delaccess&userid=6 
May 25 06:22:47  [error] Notification service 'email': Sending notification 'folder_access_permission_changed_email_subject' to user 'info@seeddms.org' (1) failed.
May 25 06:22:51  [error] Notification service 'email': Sending notification 'folder_access_permission_changed_email_subject' to user '8Gjs58uMFqAFyI5BeW3oPHD2VFvlWnHjJ61eKu/9tSE=' (1) failed.
May 25 06:22:55  [error] Notification service 'email': Sending notification 'folder_access_permission_changed_email_subject' to user 'nivm/pDx0CzmJXNd6XlxVI1dpzmZX3c9FpIpZAnIYU0=' (1) failed.
May 25 06:22:55  [info] admin (::1) op.FolderAccess.php?formtoken=c5ed7e67d33fe901b4f7456b3cbb6424&folderid=1&action=delaccess&groupid=1 
May 25 06:23:05  [error] Notification service 'email': Sending notification 'folder_access_permission_changed_email_subject' to user 'info@seeddms.org' (1) failed.
May 25 06:23:09  [error] Notification service 'email': Sending notification 'folder_access_permission_changed_email_subject' to user '8Gjs58uMFqAFyI5BeW3oPHD2VFvlWnHjJ61eKu/9tSE=' (1) failed.
May 25 06:23:13  [error] Notification service 'email': Sending notification 'folder_access_permission_changed_email_subject' to user 'nivm/pDx0CzmJXNd6XlxVI1dpzmZX3c9FpIpZAnIYU0=' (1) failed.
May 25 06:23:13  [info] admin (::1) op.FolderAccess.php?formtoken=c5ed7e67d33fe901b4f7456b3cbb6424&folderid=1&action=addaccess&userid=6&groupid=-1&mode=2 
May 25 06:23:37  [error] Notification service 'email': Sending notification 'folder_access_permission_changed_email_subject' to user 'info@seeddms.org' (1) failed.
May 25 06:23:41  [error] Notification service 'email': Sending notification 'folder_access_permission_changed_email_subject' to user '8Gjs58uMFqAFyI5BeW3oPHD2VFvlWnHjJ61eKu/9tSE=' (1) failed.
May 25 06:23:41  [error] Notification service 'email': Sending notification 'folder_access_permission_changed_email_subject' to user 'info@seeddms.org' (1) failed.
May 25 06:23:45  [error] Notification service 'email': Sending notification 'folder_access_permission_changed_email_subject' to user 'nivm/pDx0CzmJXNd6XlxVI1dpzmZX3c9FpIpZAnIYU0=' (1) failed.
May 25 06:23:45  [info] admin (::1) op.FolderAccess.php?formtoken=c5ed7e67d33fe901b4f7456b3cbb6424&folderid=1&action=delaccess&userid=4 
May 25 06:23:45  [error] Notification service 'email': Sending notification 'folder_access_permission_changed_email_subject' to user '8Gjs58uMFqAFyI5BeW3oPHD2VFvlWnHjJ61eKu/9tSE=' (1) failed.
May 25 06:23:50  [error] Notification service 'email': Sending notification 'folder_access_permission_changed_email_subject' to user 'nivm/pDx0CzmJXNd6XlxVI1dpzmZX3c9FpIpZAnIYU0=' (1) failed.
May 25 06:23:50  [info] admin (::1) op.FolderAccess.php?formtoken=c5ed7e67d33fe901b4f7456b3cbb6424&folderid=1&action=delaccess&userid=4 
May 25 06:24:25  [error] Notification service 'email': Sending notification 'folder_access_permission_changed_email_subject' to user 'info@seeddms.org' (1) failed.
May 25 06:24:29  [error] Notification service 'email': Sending notification 'folder_access_permission_changed_email_subject' to user '8Gjs58uMFqAFyI5BeW3oPHD2VFvlWnHjJ61eKu/9tSE=' (1) failed.
May 25 06:24:33  [error] Notification service 'email': Sending notification 'folder_access_permission_changed_email_subject' to user 'nivm/pDx0CzmJXNd6XlxVI1dpzmZX3c9FpIpZAnIYU0=' (1) failed.
May 25 06:24:33  [info] admin (::1) op.FolderAccess.php?formtoken=c5ed7e67d33fe901b4f7456b3cbb6424&folderid=1&action=addaccess&userid=3&mode=2 
May 25 06:24:43  [error] Notification service 'email': Sending notification 'folder_access_permission_changed_email_subject' to user 'info@seeddms.org' (1) failed.
May 25 06:24:47  [error] Notification service 'email': Sending notification 'folder_access_permission_changed_email_subject' to user '8Gjs58uMFqAFyI5BeW3oPHD2VFvlWnHjJ61eKu/9tSE=' (1) failed.
May 25 06:24:51  [error] Notification service 'email': Sending notification 'folder_access_permission_changed_email_subject' to user 'nivm/pDx0CzmJXNd6XlxVI1dpzmZX3c9FpIpZAnIYU0=' (1) failed.
May 25 06:24:51  [info] admin (::1) op.FolderAccess.php?formtoken=c5ed7e67d33fe901b4f7456b3cbb6424&folderid=1&action=addaccess&userid=4&groupid=-1&mode=2 
May 25 06:25:01  [error] Notification service 'email': Sending notification 'folder_access_permission_changed_email_subject' to user 'info@seeddms.org' (1) failed.
May 25 06:25:05  [error] Notification service 'email': Sending notification 'folder_access_permission_changed_email_subject' to user '8Gjs58uMFqAFyI5BeW3oPHD2VFvlWnHjJ61eKu/9tSE=' (1) failed.
May 25 06:25:09  [error] Notification service 'email': Sending notification 'folder_access_permission_changed_email_subject' to user 'nivm/pDx0CzmJXNd6XlxVI1dpzmZX3c9FpIpZAnIYU0=' (1) failed.
May 25 06:25:09  [info] admin (::1) op.FolderAccess.php?formtoken=c5ed7e67d33fe901b4f7456b3cbb6424&folderid=1&action=addaccess&userid=6&groupid=-1&mode=2 
May 25 06:25:18  [error] Notification service 'email': Sending notification 'folder_access_permission_changed_email_subject' to user 'info@seeddms.org' (1) failed.
May 25 06:25:22  [error] Notification service 'email': Sending notification 'folder_access_permission_changed_email_subject' to user '8Gjs58uMFqAFyI5BeW3oPHD2VFvlWnHjJ61eKu/9tSE=' (1) failed.
May 25 06:25:26  [error] Notification service 'email': Sending notification 'folder_access_permission_changed_email_subject' to user 'nivm/pDx0CzmJXNd6XlxVI1dpzmZX3c9FpIpZAnIYU0=' (1) failed.
May 25 06:25:26  [info] admin (::1) op.FolderAccess.php?formtoken=c5ed7e67d33fe901b4f7456b3cbb6424&folderid=1&action=delaccess&userid=6 
May 25 06:25:36  [error] Notification service 'email': Sending notification 'folder_access_permission_changed_email_subject' to user 'info@seeddms.org' (1) failed.
May 25 06:25:40  [error] Notification service 'email': Sending notification 'folder_access_permission_changed_email_subject' to user '8Gjs58uMFqAFyI5BeW3oPHD2VFvlWnHjJ61eKu/9tSE=' (1) failed.
May 25 06:25:44  [error] Notification service 'email': Sending notification 'folder_access_permission_changed_email_subject' to user 'nivm/pDx0CzmJXNd6XlxVI1dpzmZX3c9FpIpZAnIYU0=' (1) failed.
May 25 06:25:44  [info] admin (::1) op.FolderAccess.php?formtoken=c5ed7e67d33fe901b4f7456b3cbb6424&folderid=1&action=addaccess&userid=6&groupid=-1&mode=2 
May 25 06:25:54  [error] Notification service 'email': Sending notification 'folder_access_permission_changed_email_subject' to user 'info@seeddms.org' (1) failed.
May 25 06:25:58  [error] Notification service 'email': Sending notification 'folder_access_permission_changed_email_subject' to user '8Gjs58uMFqAFyI5BeW3oPHD2VFvlWnHjJ61eKu/9tSE=' (1) failed.
May 25 06:26:02  [error] Notification service 'email': Sending notification 'folder_access_permission_changed_email_subject' to user 'nivm/pDx0CzmJXNd6XlxVI1dpzmZX3c9FpIpZAnIYU0=' (1) failed.
May 25 06:26:02  [info] admin (::1) op.FolderAccess.php?formtoken=c5ed7e67d33fe901b4f7456b3cbb6424&folderid=1&action=delaccess&userid=4 
May 25 06:26:11  [error] Notification service 'email': Sending notification 'folder_access_permission_changed_email_subject' to user 'info@seeddms.org' (1) failed.
May 25 06:26:15  [error] Notification service 'email': Sending notification 'folder_access_permission_changed_email_subject' to user '8Gjs58uMFqAFyI5BeW3oPHD2VFvlWnHjJ61eKu/9tSE=' (1) failed.
May 25 06:26:19  [error] Notification service 'email': Sending notification 'folder_access_permission_changed_email_subject' to user 'nivm/pDx0CzmJXNd6XlxVI1dpzmZX3c9FpIpZAnIYU0=' (1) failed.
May 25 06:26:19  [info] admin (::1) op.FolderAccess.php?formtoken=c5ed7e67d33fe901b4f7456b3cbb6424&folderid=1&action=addaccess&userid=6&groupid=-1&mode=2 
May 25 06:27:56  [error] Notification service 'email': Sending notification 'folder_access_permission_changed_email_subject' to user 'info@seeddms.org' (1) failed.
May 25 06:28:00  [error] Notification service 'email': Sending notification 'folder_access_permission_changed_email_subject' to user '8Gjs58uMFqAFyI5BeW3oPHD2VFvlWnHjJ61eKu/9tSE=' (1) failed.
May 25 06:28:05  [error] Notification service 'email': Sending notification 'folder_access_permission_changed_email_subject' to user 'nivm/pDx0CzmJXNd6XlxVI1dpzmZX3c9FpIpZAnIYU0=' (1) failed.
May 25 06:28:05  [info] admin (::1) op.FolderAccess.php?formtoken=c5ed7e67d33fe901b4f7456b3cbb6424&folderid=1&action=addaccess&userid=4&groupid=-1&mode=2 
May 25 06:28:23  [error] Notification service 'email': Sending notification 'folder_access_permission_changed_email_subject' to user 'info@seeddms.org' (1) failed.
May 25 06:28:27  [error] Notification service 'email': Sending notification 'folder_access_permission_changed_email_subject' to user '8Gjs58uMFqAFyI5BeW3oPHD2VFvlWnHjJ61eKu/9tSE=' (1) failed.
May 25 06:28:31  [error] Notification service 'email': Sending notification 'folder_access_permission_changed_email_subject' to user 'nivm/pDx0CzmJXNd6XlxVI1dpzmZX3c9FpIpZAnIYU0=' (1) failed.
May 25 06:28:31  [info] admin (::1) op.FolderAccess.php?formtoken=c5ed7e67d33fe901b4f7456b3cbb6424&folderid=1&action=addaccess&userid=4&groupid=1&mode=2 
May 25 06:28:45  [error] Notification service 'email': Sending notification 'folder_access_permission_changed_email_subject' to user 'info@seeddms.org' (1) failed.
May 25 06:28:49  [error] Notification service 'email': Sending notification 'folder_access_permission_changed_email_subject' to user '8Gjs58uMFqAFyI5BeW3oPHD2VFvlWnHjJ61eKu/9tSE=' (1) failed.
May 25 06:28:53  [error] Notification service 'email': Sending notification 'folder_access_permission_changed_email_subject' to user 'nivm/pDx0CzmJXNd6XlxVI1dpzmZX3c9FpIpZAnIYU0=' (1) failed.
May 25 06:28:53  [info] admin (::1) op.FolderAccess.php?formtoken=c5ed7e67d33fe901b4f7456b3cbb6424&folderid=1&action=delaccess&groupid=1 
May 25 06:29:12  [error] Notification service 'email': Sending notification 'folder_access_permission_changed_email_subject' to user 'info@seeddms.org' (1) failed.
May 25 06:29:16  [error] Notification service 'email': Sending notification 'folder_access_permission_changed_email_subject' to user '8Gjs58uMFqAFyI5BeW3oPHD2VFvlWnHjJ61eKu/9tSE=' (1) failed.
May 25 06:29:20  [error] Notification service 'email': Sending notification 'folder_access_permission_changed_email_subject' to user 'nivm/pDx0CzmJXNd6XlxVI1dpzmZX3c9FpIpZAnIYU0=' (1) failed.
May 25 06:29:20  [info] admin (::1) op.FolderAccess.php?formtoken=c5ed7e67d33fe901b4f7456b3cbb6424&folderid=1&action=addaccess&userid=-1&groupid=1&mode=2 
May 25 06:30:18  [error] Notification service 'email': Sending notification 'folder_access_permission_changed_email_subject' to user 'info@seeddms.org' (1) failed.
May 25 06:30:23  [error] Notification service 'email': Sending notification 'folder_access_permission_changed_email_subject' to user '8Gjs58uMFqAFyI5BeW3oPHD2VFvlWnHjJ61eKu/9tSE=' (1) failed.
May 25 06:30:27  [error] Notification service 'email': Sending notification 'folder_access_permission_changed_email_subject' to user 'nivm/pDx0CzmJXNd6XlxVI1dpzmZX3c9FpIpZAnIYU0=' (1) failed.
May 25 06:30:27  [info] admin (::1) op.FolderAccess.php?formtoken=c5ed7e67d33fe901b4f7456b3cbb6424&folderid=1&action=delaccess&groupid=1 
May 25 06:30:36  [error] Notification service 'email': Sending notification 'folder_access_permission_changed_email_subject' to user 'info@seeddms.org' (1) failed.
May 25 06:30:40  [error] Notification service 'email': Sending notification 'folder_access_permission_changed_email_subject' to user '8Gjs58uMFqAFyI5BeW3oPHD2VFvlWnHjJ61eKu/9tSE=' (1) failed.
May 25 06:30:44  [error] Notification service 'email': Sending notification 'folder_access_permission_changed_email_subject' to user 'nivm/pDx0CzmJXNd6XlxVI1dpzmZX3c9FpIpZAnIYU0=' (1) failed.
May 25 06:30:44  [info] admin (::1) op.FolderAccess.php?formtoken=c5ed7e67d33fe901b4f7456b3cbb6424&folderid=1&action=delaccess&userid=3 
May 25 06:32:09  [error] Notification service 'email': Sending notification 'folder_access_permission_changed_email_subject' to user 'info@seeddms.org' (1) failed.
May 25 06:32:10  [error] Notification service 'email': Sending notification 'folder_access_permission_changed_email_subject' to user 'info@seeddms.org' (1) failed.
May 25 06:32:14  [error] Notification service 'email': Sending notification 'folder_access_permission_changed_email_subject' to user '8Gjs58uMFqAFyI5BeW3oPHD2VFvlWnHjJ61eKu/9tSE=' (1) failed.
May 25 06:32:14  [error] Notification service 'email': Sending notification 'folder_access_permission_changed_email_subject' to user '8Gjs58uMFqAFyI5BeW3oPHD2VFvlWnHjJ61eKu/9tSE=' (1) failed.
May 25 06:32:18  [error] Notification service 'email': Sending notification 'folder_access_permission_changed_email_subject' to user 'nivm/pDx0CzmJXNd6XlxVI1dpzmZX3c9FpIpZAnIYU0=' (1) failed.
May 25 06:32:18  [info] admin (::1) op.FolderAccess.php?formtoken=c5ed7e67d33fe901b4f7456b3cbb6424&folderid=1&action=delaccess&userid=4 
May 25 06:32:18  [error] Notification service 'email': Sending notification 'folder_access_permission_changed_email_subject' to user 'nivm/pDx0CzmJXNd6XlxVI1dpzmZX3c9FpIpZAnIYU0=' (1) failed.
May 25 06:32:18  [info] admin (::1) op.FolderAccess.php?formtoken=c5ed7e67d33fe901b4f7456b3cbb6424&folderid=1&action=delaccess&userid=6 
May 25 06:33:50  [info] admin (::1) op.FolderAccess.php?formtoken=c5ed7e67d33fe901b4f7456b3cbb6424&folderid=4&action=notinherit&mode=copy 
May 25 06:33:56  [info] admin (::1) op.FolderAccess.php?formtoken=c5ed7e67d33fe901b4f7456b3cbb6424&folderid=4&action=inherit 
May 25 06:33:58  [info] admin (::1) op.FolderAccess.php?formtoken=c5ed7e67d33fe901b4f7456b3cbb6424&folderid=4&action=notinherit&mode=empty 
May 25 06:34:05  [info] admin (::1) op.FolderAccess.php?formtoken=c5ed7e67d33fe901b4f7456b3cbb6424&folderid=4&action=inherit 
May 25 06:36:13  [info] admin (::1) op.RoleMgr.php .php&action=addrole&name=STUDENT
May 25 06:37:09  [info] admin (::1) op.RoleMgr.php .php&action=removerole&roleid=6
May 25 06:40:46  [info] admin (::1) op.RoleMgr.php .php&action=editrole&roleid=5
May 25 06:55:42  [info] admin (::1) op.GroupMgr.php &action=addgroup&name=g7HKY1DymlId8wirepBMLdif+2heIbtY+0MRdziot/oIJLHhspYjXp8fTZN5FOqP
May 25 07:24:16  [info] admin (::1) op.GroupMgr.php &action=addgroup&name=S0SpOuaubtY44ImigYxsEEgfzgulpzZCQ9PJvhc0khQ=
May 25 07:32:29  [info] admin (::1) op.GroupMgr.php &action=addgroup&name=v/mVA1kT0accIior2Fmv8C0NviK5TP2kCkWxWoVRp8TlzlqEiPrEB4Tm+DfwQ1Kn
May 25 07:36:57  [info] admin (::1) op.GroupMgr.php &action=addgroup&name=eyerkALDf14R6gbqUpSAX1DuW7DeaArAVGEU5uJURdc=
May 25 07:37:30  [info] admin (::1) op.GroupMgr.php &action=addgroup&name=wYfNVWcGDD0BA9hUm2oTqBMImcDuT6lILSwwKsFzWng=
May 25 07:40:54  [info] admin (::1) op.GroupMgr.php &action=addgroup&name=o2HyAzNNSraMLgIV3x92xzjkDhiR+bHPrdu+/WxG4s8=
May 25 07:41:16  [info] admin (::1) op.GroupMgr.php ?groupid=2&action=editgroup
May 25 07:41:31  [info] admin (::1) op.GroupMgr.php ?groupid=2&action=editgroup
May 25 07:42:16  [info] admin (::1) op.GroupMgr.php &action=addgroup&name=vy/es2KmutrvZZfU9yIki+UyDX/tywfn0yhoNYHuh+ulMcZjv8RZ42C05gkt+NKP
May 25 07:43:07  [info] admin (::1) op.GroupMgr.php &action=addgroup&name=haZlk9y6Gy9lmhDVwPkHaLFMrOwbKR9Y3LpDf7OmS2U=
May 25 07:45:17  [info] admin (::1) op.GroupMgr.php &action=addgroup&name=pO18jpEg2o+tAKD1735Yk8ihM5teMD6a2UY+jpMUxyw=
May 25 07:48:34  [info] admin (::1) op.GroupMgr.php &action=addgroup&name=mepOYTz5zLouAnGl8cCHTtq7J8B+FrKxQ8Jz6JZoKLE=
May 25 07:53:55  [info] admin (::1) op.GroupMgr.php &action=addgroup&name=QXKu8I/dPBmXrQTwZzWC4RI3TbV8B4rA5XhzmnZ8mWU=
May 25 07:54:35  [error] admin (::1) op.GroupMgr.php  UI::exitError error=An error has occurred pagetitle=Admin tools
May 25 07:54:50  [info] admin (::1) op.GroupMgr.php &action=addgroup&name=vxl6c0Dwsjud8bfk4L1yDJ7S0OVpU1KGYax52LLiVug=
May 25 07:58:21  [info] admin (::1) op.GroupMgr.php &action=addgroup&name=ZYXft8efpHGIpbV0BwDIg8lYQBRpnoUldn7xHTiNPHw=
May 25 07:59:22  [info] admin (::1) op.GroupMgr.php &action=addgroup&name=Mcp5lSscLc42Gh246AjCwnK3q/x8ag3onChQvp6MBwk=
May 25 08:00:19  [error] admin (::1) op.GroupMgr.php  UI::exitError error=An error has occurred pagetitle=Admin tools
May 25 08:00:40  [info] admin (::1) op.GroupMgr.php &action=addgroup&name=jsUMhE0Mg0NFnuewLaf4n8Oiq+BPkjmLfjIfEaov0tU=
May 25 08:01:17  [info] admin (::1) op.GroupMgr.php &action=addgroup&name=ZJSx0q0E7TMFi3cg5W65H+uffBbbfkUQzd0nwteBaiY=
May 25 08:01:54  [info] admin (::1) op.GroupMgr.php &action=addgroup&name=sfwbtzu9tyQqHZ99IpJc2P1nU4H+qdJv2LzJTgUuQ6w=
May 25 08:02:08  [info] admin (::1) op.GroupMgr.php &action=addgroup&name=0T7zuCNS+raLK7K3a69g87DlNV0l0Ib37PJ3fdlQWGE=
May 25 08:03:31  [info] admin (::1) op.DefaultKeywords.php .php&action=addcategory&categoryid=2
May 25 08:03:38  [info] admin (::1) op.DefaultKeywords.php .php&action=editcategory&categoryid=2
May 25 08:03:53  [info] admin (::1) op.Categories.php .php&action=addcategory&categoryid=3
May 25 08:03:59  [info] Conversion from image/jpeg to image/png with gd image service took 0.077802181243896 sec.
May 25 08:06:12  [error] Notification service 'email': Sending notification 'folder_access_permission_changed_email_subject' to user 'info@seeddms.org' (1) failed.
May 25 08:06:16  [error] Notification service 'email': Sending notification 'folder_access_permission_changed_email_subject' to user '8Gjs58uMFqAFyI5BeW3oPHD2VFvlWnHjJ61eKu/9tSE=' (1) failed.
May 25 08:06:20  [error] Notification service 'email': Sending notification 'folder_access_permission_changed_email_subject' to user 'nivm/pDx0CzmJXNd6XlxVI1dpzmZX3c9FpIpZAnIYU0=' (1) failed.
May 25 08:06:20  [info] admin (::1) op.FolderAccess.php?formtoken=c5ed7e67d33fe901b4f7456b3cbb6424&folderid=1&action=addaccess&userid=6&groupid=2&mode=2 
May 25 08:07:51  [error] Notification service 'email': Sending notification 'folder_notify_added_email_subject' to user 'info@seeddms.org' (1) failed.
May 25 08:07:55  [error] Notification service 'email': Sending notification 'folder_notify_added_email_subject' to user '8Gjs58uMFqAFyI5BeW3oPHD2VFvlWnHjJ61eKu/9tSE=' (1) failed.
May 25 08:07:59  [error] Notification service 'email': Sending notification 'folder_notify_added_email_subject' to user 'nivm/pDx0CzmJXNd6XlxVI1dpzmZX3c9FpIpZAnIYU0=' (1) failed.
May 25 08:10:58  [error] Notification service 'email': Sending notification 'folder_access_permission_changed_email_subject' to user 'info@seeddms.org' (1) failed.
May 25 08:11:02  [error] Notification service 'email': Sending notification 'folder_access_permission_changed_email_subject' to user '8Gjs58uMFqAFyI5BeW3oPHD2VFvlWnHjJ61eKu/9tSE=' (1) failed.
May 25 08:11:07  [error] Notification service 'email': Sending notification 'folder_access_permission_changed_email_subject' to user 'nivm/pDx0CzmJXNd6XlxVI1dpzmZX3c9FpIpZAnIYU0=' (1) failed.
May 25 08:11:11  [error] Notification service 'email': Sending notification 'folder_access_permission_changed_email_subject' to user 'info@seeddms.org' (1) failed.
May 25 08:11:15  [error] Notification service 'email': Sending notification 'folder_access_permission_changed_email_subject' to user '8Gjs58uMFqAFyI5BeW3oPHD2VFvlWnHjJ61eKu/9tSE=' (1) failed.
May 25 08:11:19  [error] Notification service 'email': Sending notification 'folder_access_permission_changed_email_subject' to user 'nivm/pDx0CzmJXNd6XlxVI1dpzmZX3c9FpIpZAnIYU0=' (1) failed.
May 25 08:11:19  [info] admin (::1) op.FolderAccess.php?formtoken=c5ed7e67d33fe901b4f7456b3cbb6424&folderid=1&action=editaccess&groupid=2&mode=4 
