May 08 08:47:51  [info] -- (::1) op.Login.php 
May 08 08:47:51  [info] Authentication service 'db'
May 08 08:47:51  [error] Authentication service 'db': Authentication of user 'dagzz2305' disregarded.
May 08 08:47:51  [error] -- (::1) op.Login.php login failed
May 08 08:48:00  [info] -- (::1) op.Login.php 
May 08 08:48:00  [info] Authentication service 'db'
May 08 08:48:00  [error] Authentication service 'db': Authentication of user 'dagzz2305' disregarded.
May 08 08:48:00  [error] -- (::1) op.Login.php login failed
May 08 09:36:16  [info] -- (::1) op.Login.php 
May 08 09:36:16  [info] Authentication service 'db'
May 08 09:36:16  [error] Authentication service 'db': Authentication of user 'admin ' disregarded.
May 08 09:36:16  [error] -- (::1) op.Login.php login failed
May 08 09:36:23  [info] -- (::1) op.Login.php 
May 08 09:36:23  [info] Authentication service 'db'
May 08 09:36:23  [error] Authentication service 'db': Authentication of user 'dagzz2305' disregarded.
May 08 09:36:23  [error] -- (::1) op.Login.php login failed
May 08 09:37:46  [info] -- (::1) op.Login.php 
May 08 09:37:46  [info] Authentication service 'db'
May 08 09:37:46  [info] Authentication service 'db': Authentication of user 'admin' successful.
May 08 09:40:52  [info] admin (::1) op.Ajax.php?command=deletefolder&id=2&formtoken=847ba9d7aa2afb760c3226eb513eb437 delete folder 2
May 08 09:41:04  [info] admin (::1) op.Ajax.php?command=deletedocument&id=6&formtoken=9b181a5324c743f74b40d1936df9bf72 delete document 6
May 08 09:41:45  [info] admin (::1) op.Ajax.php add document 23 in folder 4
May 08 09:41:45  [info] Conversion from image/jpeg to image/png with gd image service took 0.012803077697754 sec.
