Apr 30 02:38:41  [info] admin (::1) op.UsrMgr.php .php&action=adduser&login=hey
Apr 30 02:39:42  [info] admin (::1) op.UsrMgr.php .php&action=adduser&login=adaaa
Apr 30 02:42:05  [info] admin (::1) op.UsrMgr.php .php&action=adduser&login=sda
Apr 30 02:45:27  [info] admin (::1) op.Ajax.php add document 10 in folder 1
Apr 30 02:45:27  [info] Conversion from image/jpeg to image/png with gd image service took 0.026221990585327 sec.
Apr 30 02:50:38  [info] admin (::1) op.OverrideContentStatus.php ?documentid=6
Apr 30 02:51:55  [info] admin (::1) op.UsrMgr.php .php&action=adduser&login=test ID
Apr 30 03:09:47  [info] admin (::1) op.UsrMgr.php .php&action=adduser&login=1231
Apr 30 03:10:05  [info] admin (::1) op.UsrMgr.php .php&action=adduser&login=4343
Apr 30 03:10:32  [info] admin (::1) op.UsrMgr.php .php&action=adduser&login=2222
Apr 30 03:14:07  [info] admin (::1) op.UsrMgr.php .php&action=adduser&login=4444
Apr 30 03:49:42  [info] admin (::1) op.UsrMgr.php .php&action=adduser&login=12323
Apr 30 04:05:01  [info] admin (::1) op.RoleMgr.php .php&action=addrole&name=Manolito Diazss
Apr 30 04:13:26  [info] admin (::1) op.GroupMgr.php &action=addgroup&name=1OnaJN7T2dzgGL8WVgrDKiHcj2TRbtwLegStxx6XtMXIHZSU+t60uxq9Wph1M6CG
Apr 30 04:32:46  [info] admin (::1) op.GroupMgr.php ?groupid=1&userid=3&action=addmember
Apr 30 04:38:11  [info] admin (::1) op.GroupMgr.php ?groupid=1&userid=4&action=addmember
Apr 30 04:38:16  [info] admin (::1) op.GroupMgr.php ?groupid=1&userid=1&action=tmanager
Apr 30 04:46:42  [info] admin (::1) op.GroupMgr.php ?groupid=1&action=editgroup
Apr 30 05:09:30  [info] admin (::1) op.LockDocument.php?documentid=5&formtoken=c90f9ff44b0a08b4fae0ec8b3477149c 
Apr 30 05:09:33  [info] admin (::1) op.UnlockDocument.php?documentid=5&formtoken=bd4d36a255ebd7c7b26467201fd52516 
Apr 30 05:11:57  [info] admin (::1) op.Ajax.php add document 14 in folder 1
Apr 30 05:19:22  [info] admin (::1) op.Ajax.php add document 15 in folder 1
Apr 30 05:21:19  [info] admin (::1) op.Ajax.php add document 16 in folder 1
Apr 30 05:21:19  [info] admin (::1) op.Ajax.php add document 17 in folder 1
Apr 30 05:21:19  [info] admin (::1) op.Ajax.php add document 18 in folder 1
Apr 30 05:21:26  [info] admin (::1) op.Ajax.php add document 19 in folder 1
Apr 30 05:21:26  [info] admin (::1) op.Ajax.php add document 20 in folder 1
Apr 30 05:22:15  [error] admin (::1) op.EditDocument.php  UI::exitError error=The minimum number of required values for attribute 1/eevyY9AQ1uYGTUHH5iUzPN93YCSk79MX9Zi3z8674= is not reached. pagetitle=Document 'bjYgAAkq2lAgrCoJwQBDA89NtTi6wxPoESNTPrbGH1c='
Apr 30 05:23:23  [error] admin (::1) op.UpdateDocument.php  UI::exitError error=The minimum number of required values for attribute 1/eevyY9AQ1uYGTUHH5iUzPN93YCSk79MX9Zi3z8674= is not reached. pagetitle=Document 'bjYgAAkq2lAgrCoJwQBDA89NtTi6wxPoESNTPrbGH1c='
