May 27 08:15:38  [info] admin (::1) op.Ajax.php add document 64 in folder 5
May 27 08:15:45  [info] admin (::1) op.Ajax.php?command=deletedocument&id=64&formtoken=9b181a5324c743f74b40d1936df9bf72 delete document 64
May 27 08:15:54  [info] admin (::1) op.Ajax.php add document 65 in folder 5
May 27 08:15:55  [info] Conversion from image/jpeg to image/png with gd image service took 0.19289183616638 sec.
May 27 08:16:23  [info] admin (::1) op.EditDocument.php ?documentid=65
May 27 08:16:24  [info] Conversion from image/jpeg to image/png with gd image service took 0.19219303131104 sec.
May 27 08:41:53  [info] admin (::1) op.DocumentAccess.php?formtoken=074e9199ccfbd2c1fb53036ef321ab07&action=setowner&documentid=65&ownerid=3 
May 27 08:42:01  [info] admin (::1) op.DocumentAccess.php?formtoken=074e9199ccfbd2c1fb53036ef321ab07&documentid=65&action=notinherit&mode=copy 
May 27 09:10:57  [info] admin (::1) op.ViewOnline.php?documentid=65&version=1 
May 27 09:11:22  [info] admin (::1) op.EditComment.php ?documentid=65
May 27 09:13:09  [error] Notification service 'email': Sending notification 'new_file_email_subject' to user '8Gjs58uMFqAFyI5BeW3oPHD2VFvlWnHjJ61eKu/9tSE=' (2) failed.
May 27 09:13:09  [info] admin (::1) op.AddFile.php add file 'Rejcted' to document 65
May 27 09:13:10  [info] Conversion from image/png to image/png with gd image service took 0.0064117908477783 sec.
May 27 09:13:43  [info] admin (::1) op.EditDocumentFile.php ?documentid=65
May 27 12:07:55  [info] admin (::1) op.LockDocument.php?documentid=65&formtoken=4508897c46fe471207ef81126bda4666 
May 27 12:07:58  [info] admin (::1) op.UnlockDocument.php?documentid=65&formtoken=25af857e4e4806a9a90407959b240372 
May 27 12:11:29  [info] admin (::1) op.DefaultKeywords.php .php&action=addcategory&categoryid=3
May 27 12:11:37  [info] admin (::1) op.DefaultKeywords.php .php&action=editcategory&categoryid=3
May 27 12:11:49  [info] admin (::1) op.AttributeMgr.php &action=addattrdef&name=dsfgh
May 27 12:12:31  [info] admin (::1) op.Download.php?documentid=16&version=1 
May 27 12:12:34  [info] admin (::1) op.Download.php?documentid=16&version=1 
May 27 12:12:50  [info] admin (::1) op.Download.php?documentid=27&version=1 
May 27 12:13:09  [info] Conversion from image/jpeg to image/png with gd image service took 0.045937061309814 sec.
May 27 12:13:17  [info] admin (::1) op.ViewOnline.php?documentid=26&version=1 
May 27 12:53:59  [info] admin (::1) op.Ajax.php add file 'CV_JM.pdf' to document 5
