May 29 07:48:30  [info] -- (::1) op.Login.php 
May 29 07:48:30  [info] Authentication service 'db'
May 29 07:48:30  [info] Authentication service 'db': Authentication of user 'admin' successful.
May 29 07:48:30  [error] admin (::1) out.AddDocument.php?folderid=1&showtree=1  UI::exitError error=Invalid Folder ID pagetitle=Folder 'Invalid Folder ID'
May 29 07:48:34  [error] admin (::1) out.ViewFolder.php  UI::exitError error=Invalid Folder ID pagetitle=Folder 'Invalid Folder ID'
May 29 07:48:44  [error] admin (::1) out.ViewFolder.php  UI::exitError error=Invalid Folder ID pagetitle=Folder 'Invalid Folder ID'
May 29 07:49:07  [info] -- (::1) op.Login.php 
May 29 07:49:07  [info] Authentication service 'db'
May 29 07:49:07  [info] Authentication service 'db': Authentication of user 'admin' successful.
May 29 07:49:07  [error] admin (::1) out.AddDocument.php?folderid=1&showtree=1  UI::exitError error=Invalid Folder ID pagetitle=Folder 'Invalid Folder ID'
May 29 07:49:11  [error] admin (::1) out.ViewFolder.php  UI::exitError error=Invalid Folder ID pagetitle=Folder 'Invalid Folder ID'
May 29 07:57:42  [error] admin (::1) out.ViewFolder.php  UI::exitError error=Invalid Folder ID pagetitle=Folder 'Invalid Folder ID'
May 29 07:59:17  [error] admin (::1) out.ViewFolder.php  UI::exitError error=Invalid Folder ID pagetitle=Folder 'Invalid Folder ID'
May 29 08:02:10  [info] -- (::1) op.Login.php 
May 29 08:02:10  [info] Authentication service 'db'
May 29 08:02:10  [info] Authentication service 'db': Authentication of user 'admin' successful.
May 29 08:02:16  [info] admin (::1) op.Settings.php .php&action=savesettings
May 29 08:02:35  [info] admin (::1) op.Ajax.php add document 1 in folder 1
May 29 08:06:15  [info] admin (::1) op.AddSubFolder.php ?name=Sample Subfolder&folderid=1
May 29 08:06:54  [info] admin (::1) op.AddDocument.php add document 2 in folder 2
May 29 08:07:04  [info] admin (::1) op.Ajax.php?command=setmimetype&contentid=2&formtoken=1248ab63fb4033e0ae5586cd53a772a0 set mimetype 'text/plain' of document 2:1
May 29 08:07:23  [info] admin (::1) op.Ajax.php add file 'userlist-20250527-121108.csv' to document 2
May 29 08:07:59  [info] admin (::1) op.EditFolder.php ?folderid=2
May 29 08:08:25  [info] admin (::1) op.FolderAccess.php?formtoken=c216aae7e0484db3bf786b7e14fc0167&action=setowner&folderid=2&ownerid=1 
May 29 08:08:30  [info] admin (::1) op.FolderAccess.php?formtoken=c216aae7e0484db3bf786b7e14fc0167&folderid=2&action=notinherit&mode=empty 
May 29 08:11:41  [info] admin (::1) op.UpdateDocument.php update document 1 with version 2
May 29 08:11:41  [info] Conversion from image/jpeg to image/png with gd image service took 0.1287989616394 sec.
May 29 08:14:53  [info] Conversion from image/jpeg to image/png with gd image service took 0.07990288734436 sec.
May 29 08:17:15  [info] admin (::1) op.UsrMgr.php .php&action=adduser&login=A12138658
May 29 08:26:55  [info] admin (::1) op.RoleMgr.php .php&action=addrole&name=Student
May 29 08:27:05  [info] admin (::1) op.RoleMgr.php .php&action=editrole&roleid=4
May 29 08:27:25  [info] admin (::1) op.GroupMgr.php &action=addgroup&name=7QgfHrLYhfYXUHO8UyN6RQiIshl5yiAMoO8tQqxCUZo=
May 29 08:27:52  [info] admin (::1) op.DefaultKeywords.php .php&action=addcategory&categoryid=1
May 29 08:28:05  [info] admin (::1) op.Categories.php .php&action=addcategory&categoryid=1
May 29 08:28:24  [info] admin (::1) op.AttributeMgr.php &action=addattrdef&name=Sample Attributes
May 29 09:20:45  [info] admin (::1) op.AddSubFolder.php ?name=Sample folder V2&folderid=1
May 29 09:22:27  [info] admin (::1) op.AddDocument.php add document 3 in folder 3
May 29 09:22:28  [info] Conversion from image/jpeg to image/png with gd image service took 0.085819005966187 sec.
May 29 09:22:34  [info] Conversion from image/jpeg to image/png with gd image service took 0.093962907791138 sec.
May 29 09:27:30  [info] Conversion from image/jpeg to image/png with gd image service took 0.063600063323975 sec.
May 29 09:48:17  [info] admin (::1) op.EditFolder.php ?folderid=3
May 29 09:48:18  [info] Conversion from image/jpeg to image/png with gd image service took 0.10328698158264 sec.
May 29 09:59:21  [error] admin (::1) op.AddDocument.php  UI::exitError error=Error when creating the document. The document has a reviewer, but no approver. pagetitle=Folder 'DMS'
May 29 09:59:54  [error] Notification service 'email': Sending notification 'new_document_email_subject' to user 'info@seeddms.org' (1) failed.
May 29 09:59:54  [info] admin (::1) op.AddDocument.php add document 4 in folder 1
May 29 09:59:55  [info] Conversion from image/jpeg to image/png with gd image service took 0.074554920196533 sec.
May 29 10:04:47  [info] Conversion from image/jpeg to image/png with gd image service took 0.10260486602783 sec.
May 29 17:56:58  [info] admin (::1) op.Ajax.php add document 5 in folder 1
May 29 17:56:58  [info] admin (::1) op.Ajax.php add document 6 in folder 1
May 29 17:56:58  [info] admin (::1) op.Ajax.php add document 7 in folder 1
May 29 17:56:58  [info] admin (::1) op.Ajax.php add document 8 in folder 1
May 29 17:56:58  [info] admin (::1) op.Ajax.php add document 9 in folder 1
May 29 17:57:34  [info] admin (::1) op.AddDocument.php add document 10 in folder 1
May 29 17:58:02  [info] Conversion from image/jpeg to image/png with gd image service took 0.09322714805603 sec.
May 29 18:06:38  [info] Conversion from image/jpeg to image/png with gd image service took 0.063928842544556 sec.
May 29 18:37:45  [info] admin (::1) op.EditFolder.php ?folderid=2
May 29 18:38:14  [info] admin (::1) op.MoveFolder.php?formtoken=1a15e09e8225de76388d82611a871be6&folderid=2&showtree=1&targetid=3&targetname3f0d3ca8e81787497acc8c0e731ab0c8=Sample+folder_V2 
May 29 18:38:27  [info] admin (::1) op.MoveFolder.php?formtoken=1a15e09e8225de76388d82611a871be6&folderid=2&showtree=1&targetid=1&targetname3f0d3ca8e81787497acc8c0e731ab0c8=DMS 
May 29 18:38:42  [info] Conversion from image/jpeg to image/png with gd image service took 0.067981958389282 sec.
May 29 18:39:21  [info] admin (::1) op.AddDocument.php add document 11 in folder 2
May 29 18:39:21  [info] Conversion from image/png to image/png with gd image service took 0.011699914932251 sec.
May 29 18:40:37  [info] Conversion from image/png to image/png with gd image service took 0.0053770542144775 sec.
May 29 18:40:53  [info] admin (::1) op.UpdateDocument.php update document 11 with version 2
May 29 18:40:53  [info] Conversion from image/png to image/png with gd image service took 0.017439126968384 sec.
