May 28 16:20:19  [error] admin (::1) op.UpdateDocument.php  UI::exitError error=Error when creating the document. The document has a reviewer, but no approver. pagetitle=Folder 'DMS'
May 28 16:20:56  [error] admin (::1) op.UpdateDocument.php  UI::exitError error=The attribute value 'Ys0=' of attribute 'EQlKOL3qt+uiuwkr62kUrVxdrGsRdq9yqrmGoOo/VsU=' is not a valid integer. pagetitle=Document 'IuQbUcfNNmD33DA/CajqlsUCSICCrJQ4XcvUJdkq4Gg='
May 28 16:27:30  [error] Notification service 'email': Sending notification 'document_notify_added_email_subject' to user 'info@seeddms.org' (1) failed.
May 28 16:27:40  [error] Notification service 'email': Sending notification 'document_notify_added_email_subject' to user 'info@seeddms.org' (1) failed.
May 28 16:27:44  [error] Notification service 'email': Sending notification 'document_notify_added_email_subject' to user '8Gjs58uMFqAFyI5BeW3oPHD2VFvlWnHjJ61eKu/9tSE=' (1) failed.
May 28 16:27:48  [error] Notification service 'email': Sending notification 'document_notify_added_email_subject' to user 'nivm/pDx0CzmJXNd6XlxVI1dpzmZX3c9FpIpZAnIYU0=' (1) failed.
May 28 16:28:00  [error] Notification service 'email': Sending notification 'document_notify_added_email_subject' to user '09F1NXCa3ZX8PVDLYSHloQL8uPS5E89bh93lEiJd9zc=' (1) failed.
May 28 16:29:47  [error] Notification service 'email': Sending notification 'folder_notify_deleted_email_subject' to user 'info@seeddms.org' (1) failed.
May 28 16:29:47  [error] Notification service 'email': Sending notification 'folder_notify_deleted_email_subject' to user '09F1NXCa3ZX8PVDLYSHloQL8uPS5E89bh93lEiJd9zc=' (1) failed.
May 28 16:29:48  [error] Notification service 'email': Sending notification 'folder_notify_deleted_email_subject' to user 'info@seeddms.org' (1) failed.
May 28 16:29:51  [error] Notification service 'email': Sending notification 'folder_notify_deleted_email_subject' to user '8Gjs58uMFqAFyI5BeW3oPHD2VFvlWnHjJ61eKu/9tSE=' (1) failed.
May 28 16:29:55  [error] Notification service 'email': Sending notification 'folder_notify_deleted_email_subject' to user 'nivm/pDx0CzmJXNd6XlxVI1dpzmZX3c9FpIpZAnIYU0=' (1) failed.
May 28 16:32:59  [error] Notification service 'email': Sending notification 'document_transfered_email_subject' to user '09F1NXCa3ZX8PVDLYSHloQL8uPS5E89bh93lEiJd9zc=' (2) failed.
May 28 16:32:59  [info] admin (::1) op.TransferDocument.php ?documentid=5
May 28 16:50:59  [error] Notification service 'email': Sending notification 'new_subfolder_email_subject' to user 'info@seeddms.org' (1) failed.
May 28 16:51:03  [error] Notification service 'email': Sending notification 'new_subfolder_email_subject' to user '8Gjs58uMFqAFyI5BeW3oPHD2VFvlWnHjJ61eKu/9tSE=' (1) failed.
May 28 16:51:07  [error] Notification service 'email': Sending notification 'new_subfolder_email_subject' to user 'nivm/pDx0CzmJXNd6XlxVI1dpzmZX3c9FpIpZAnIYU0=' (1) failed.
May 28 16:51:11  [error] Notification service 'email': Sending notification 'new_subfolder_email_subject' to user 'info@seeddms.org' (1) failed.
May 28 16:51:16  [error] Notification service 'email': Sending notification 'new_subfolder_email_subject' to user '8Gjs58uMFqAFyI5BeW3oPHD2VFvlWnHjJ61eKu/9tSE=' (1) failed.
May 28 16:51:20  [error] Notification service 'email': Sending notification 'new_subfolder_email_subject' to user 'nivm/pDx0CzmJXNd6XlxVI1dpzmZX3c9FpIpZAnIYU0=' (1) failed.
May 28 16:51:20  [info] admin (::1) op.AddSubFolder.php ?name=sample&folderid=1
May 28 16:51:55  [error] Notification service 'email': Sending notification 'new_document_email_subject' to user 'info@seeddms.org' (1) failed.
May 28 16:51:59  [error] Notification service 'email': Sending notification 'new_document_email_subject' to user '8Gjs58uMFqAFyI5BeW3oPHD2VFvlWnHjJ61eKu/9tSE=' (1) failed.
May 28 16:52:03  [error] Notification service 'email': Sending notification 'new_document_email_subject' to user 'nivm/pDx0CzmJXNd6XlxVI1dpzmZX3c9FpIpZAnIYU0=' (1) failed.
May 28 16:52:07  [error] Notification service 'email': Sending notification 'new_document_email_subject' to user 'info@seeddms.org' (1) failed.
May 28 16:52:11  [error] Notification service 'email': Sending notification 'new_document_email_subject' to user '8Gjs58uMFqAFyI5BeW3oPHD2VFvlWnHjJ61eKu/9tSE=' (1) failed.
May 28 16:52:15  [error] Notification service 'email': Sending notification 'new_document_email_subject' to user 'nivm/pDx0CzmJXNd6XlxVI1dpzmZX3c9FpIpZAnIYU0=' (1) failed.
May 28 16:52:15  [info] admin (::1) op.AddDocument.php add document 66 in folder 1
May 28 16:53:02  [error] Notification service 'email': Sending notification 'folder_access_permission_changed_email_subject' to user 'info@seeddms.org' (1) failed.
May 28 16:53:06  [error] Notification service 'email': Sending notification 'folder_access_permission_changed_email_subject' to user '8Gjs58uMFqAFyI5BeW3oPHD2VFvlWnHjJ61eKu/9tSE=' (1) failed.
May 28 16:53:10  [error] Notification service 'email': Sending notification 'folder_access_permission_changed_email_subject' to user 'nivm/pDx0CzmJXNd6XlxVI1dpzmZX3c9FpIpZAnIYU0=' (1) failed.
May 28 16:53:14  [error] Notification service 'email': Sending notification 'folder_access_permission_changed_email_subject' to user 'info@seeddms.org' (1) failed.
May 28 16:53:18  [error] Notification service 'email': Sending notification 'folder_access_permission_changed_email_subject' to user '8Gjs58uMFqAFyI5BeW3oPHD2VFvlWnHjJ61eKu/9tSE=' (1) failed.
May 28 16:53:22  [error] Notification service 'email': Sending notification 'folder_access_permission_changed_email_subject' to user 'nivm/pDx0CzmJXNd6XlxVI1dpzmZX3c9FpIpZAnIYU0=' (1) failed.
May 28 16:53:22  [info] admin (::1) op.FolderAccess.php?formtoken=c5ed7e67d33fe901b4f7456b3cbb6424&folderid=1&action=delaccess&groupid=2 
May 28 16:55:24  [error] Notification service 'email': Sending notification 'folder_notify_deleted_email_subject' to user 'info@seeddms.org' (1) failed.
May 28 16:55:28  [error] Notification service 'email': Sending notification 'folder_notify_deleted_email_subject' to user '8Gjs58uMFqAFyI5BeW3oPHD2VFvlWnHjJ61eKu/9tSE=' (1) failed.
May 28 16:55:32  [error] Notification service 'email': Sending notification 'folder_notify_deleted_email_subject' to user 'nivm/pDx0CzmJXNd6XlxVI1dpzmZX3c9FpIpZAnIYU0=' (1) failed.
May 28 16:57:41  [info] admin (::1) op.AddFile.php add file 'userlist-20250527-121108.csv' to document 14
May 28 16:58:28  [info] admin (::1) op.UpdateDocument.php update document 14 with version 2
May 28 16:58:28  [info] Conversion from image/png to image/png with gd image service took 0.0435791015625 sec.
May 28 16:59:04  [info] admin (::1) op.DocumentAccess.php?formtoken=074e9199ccfbd2c1fb53036ef321ab07&documentid=14&action=notinherit&mode=copy 
May 28 16:59:22  [info] Conversion from image/png to image/png with gd image service took 0.041788816452026 sec.
May 28 16:59:49  [info] Conversion from image/jpeg to image/png with gd image service took 0.06891393661499 sec.
May 28 16:59:49  [info] Conversion from image/jpeg to image/png with gd image service took 0.066351890563965 sec.
May 28 17:19:04  [error] admin (::1) op.AddEvent.php  UI::exitError error=An error has occurred pagetitle=Add event
May 28 17:19:11  [error] admin (::1) op.AddEvent.php  UI::exitError error=An error has occurred pagetitle=Add event
May 28 17:19:31  [error] admin (::1) op.AddEvent.php  UI::exitError error=An error has occurred pagetitle=Add event
May 28 17:27:03  [info] admin (::1) op.GroupMgr.php ?groupid=1&userid=6&action=addmember
May 28 17:30:37  [info] admin (::1) op.ClearCache.php 
May 28 17:30:46  [info] admin (::1) op.ClearCache.php 
